2025-09-27 21:33:00 - INFO - Task completed
2025-09-27 19:47:00 - WARNING - API response slow
2025-09-27 22:35:00 - WARNING - Disk space low
2025-09-27 17:29:00 - WARNING - Disk space low
2025-09-27 19:38:00 - ERROR - Timeout occurred
2025-09-27 18:37:00 - INFO - Task completed
2025-09-28 02:36:00 - ERROR - Timeout occurred
2025-09-28 02:44:00 - ERROR - Disk read error
2025-09-27 19:19:00 - WARNING - High memory usage
2025-09-28 00:35:00 - ERROR - Timeout occurred
2025-09-28 01:06:00 - WARNING - High memory usage
2025-09-28 02:09:00 - WARNING - High memory usage
2025-09-27 22:14:00 - ERROR - Timeout occurred
2025-09-27 19:08:00 - WARNING - Disk space low
2025-09-27 21:14:00 - ERROR - Connection failed
2025-09-28 00:01:00 - WARNING - API response slow
2025-09-27 21:35:00 - WARNING - High memory usage
2025-09-27 20:25:00 - INFO - Task completed
2025-09-27 23:38:00 - WARNING - High memory usage
2025-09-27 19:00:00 - INFO - Server started
2025-09-27 20:12:00 - INFO - Task completed
2025-09-27 22:50:00 - INFO - User logged in
2025-09-28 01:04:00 - INFO - Task completed
2025-09-27 18:56:00 - WARNING - Disk space low
2025-09-27 17:24:00 - INFO - Task completed
2025-09-27 23:59:00 - ERROR - Disk read error
2025-09-27 18:27:00 - INFO - Task completed
2025-09-28 00:07:00 - INFO - Server started
2025-09-27 22:52:00 - ERROR - Null pointer exception
2025-09-27 17:42:00 - ERROR - Disk read error
2025-09-27 18:06:00 - ERROR - Connection failed
2025-09-27 17:18:00 - INFO - Task completed
2025-09-27 19:04:00 - WARNING - API response slow
2025-09-27 23:19:00 - ERROR - Disk read error
2025-09-27 23:01:00 - INFO - Configuration loaded
2025-09-27 18:12:00 - INFO - User logged in
2025-09-28 02:48:00 - WARNING - High memory usage
2025-09-27 17:41:00 - INFO - Configuration loaded
2025-09-27 20:28:00 - INFO - Configuration loaded
2025-09-27 17:39:00 - WARNING - High memory usage
2025-09-28 01:45:00 - WARNING - Disk space low
2025-09-27 21:56:00 - INFO - Server started
2025-09-27 20:42:00 - INFO - Configuration loaded
2025-09-27 22:37:00 - INFO - Task completed
2025-09-28 00:14:00 - ERROR - Disk read error
2025-09-27 22:40:00 - INFO - Configuration loaded
2025-09-27 18:52:00 - ERROR - Connection failed
2025-09-28 01:37:00 - ERROR - Null pointer exception
2025-09-27 23:23:00 - WARNING - API response slow
2025-09-27 21:11:00 - ERROR - Timeout occurred
2025-09-27 22:03:00 - ERROR - Connection failed
2025-09-28 00:59:00 - INFO - Task completed
2025-09-27 19:07:00 - INFO - Task completed
2025-09-27 19:44:00 - WARNING - API response slow
2025-09-27 17:49:00 - WARNING - High memory usage
2025-09-27 17:44:00 - INFO - Task completed
2025-09-27 23:45:00 - WARNING - Disk space low
2025-09-28 01:50:00 - WARNING - High memory usage
2025-09-27 20:36:00 - INFO - Task completed
2025-09-27 17:50:00 - WARNING - API response slow
2025-09-27 19:36:00 - INFO - User logged in
2025-09-28 00:55:00 - INFO - Task completed
2025-09-28 00:02:00 - INFO - Server started
2025-09-27 18:20:00 - WARNING - API response slow
2025-09-27 17:43:00 - ERROR - Timeout occurred
2025-09-27 23:46:00 - ERROR - Null pointer exception
2025-09-28 02:00:00 - ERROR - Timeout occurred
2025-09-28 01:46:00 - INFO - Configuration loaded
2025-09-27 23:56:00 - WARNING - Disk space low
2025-09-27 21:33:00 - ERROR - Connection failed
2025-09-27 18:48:00 - ERROR - Connection failed
2025-09-28 00:54:00 - INFO - Task completed
2025-09-28 02:05:00 - WARNING - Disk space low
2025-09-27 19:28:00 - INFO - Configuration loaded
2025-09-27 20:42:00 - ERROR - Null pointer exception
2025-09-27 22:58:00 - WARNING - Disk space low
2025-09-27 17:09:00 - ERROR - Disk read error
2025-09-28 02:28:00 - INFO - Configuration loaded
2025-09-27 18:03:00 - WARNING - High memory usage
2025-09-28 01:06:00 - WARNING - High memory usage
2025-09-27 17:58:00 - WARNING - API response slow
2025-09-27 17:57:00 - WARNING - API response slow
2025-09-27 17:02:00 - INFO - User logged in
2025-09-27 20:23:00 - ERROR - Connection failed
2025-09-27 23:11:00 - INFO - Configuration loaded
2025-09-28 00:22:00 - INFO - Server started
2025-09-27 23:39:00 - WARNING - Disk space low
2025-09-28 01:25:00 - WARNING - API response slow
2025-09-27 18:31:00 - INFO - Task completed
2025-09-27 17:27:00 - WARNING - API response slow
2025-09-27 17:13:00 - WARNING - API response slow
2025-09-27 23:10:00 - INFO - User logged in
2025-09-27 20:26:00 - WARNING - API response slow
2025-09-27 21:50:00 - ERROR - Disk read error
2025-09-27 19:30:00 - WARNING - Disk space low
2025-09-27 20:29:00 - WARNING - High memory usage
2025-09-28 02:13:00 - INFO - Configuration loaded
2025-09-28 01:33:00 - WARNING - API response slow
2025-09-28 02:51:00 - INFO - Task completed
2025-09-27 21:58:00 - INFO - Server started
